[2026-01-30 23:33:41.105135] Caesar Encryption
[2026-01-30 23:33:45.734864] Caesar Encryption
[2026-01-30 23:33:47.130720] Caesar Decryption
[2026-01-30 23:33:48.900889] Caesar Decryption
[2026-01-30 23:33:49.326585] Caesar Decryption
[2026-01-30 23:33:49.793976] Caesar Encryption
[2026-01-30 23:33:51.328778] Caesar Decryption
[2026-01-30 23:33:53.498744] Caesar Brute Force
[2026-01-30 23:33:56.143068] AES Encryption
[2026-01-30 23:34:04.613987] AES Encryption
[2026-01-30 23:34:48.500767] AES Encryption
[2026-01-30 23:34:50.140394] AES Encryption
[2026-01-30 23:34:50.656902] AES Encryption
[2026-01-30 23:34:50.886989] AES Encryption
[2026-01-30 23:34:51.110128] AES Encryption
[2026-01-30 23:34:51.334233] Caesar Brute Force
[2026-01-30 23:34:51.543553] Caesar Brute Force
[2026-01-30 23:35:43.002884] Caesar Encryption
[2026-01-30 23:35:43.665227] Caesar Encryption
[2026-01-30 23:35:44.251062] Caesar Decryption
[2026-01-30 23:35:45.269586] Caesar Encryption
[2026-01-30 23:35:48.779283] Caesar Brute Force
[2026-01-30 23:35:57.515086] Caesar Encryption
[2026-01-30 23:35:58.052311] Caesar Encryption
[2026-01-30 23:39:01.449660] Caesar Encryption
[2026-01-30 23:39:02.824116] Caesar Decryption
[2026-01-30 23:39:04.704685] Caesar Brute Force
[2026-01-30 23:39:06.782908] Cleared all fields
[2026-01-30 23:42:50.415202] Caesar Encryption
[2026-01-30 23:42:57.048984] Caesar Encryption
[2026-01-30 23:42:58.683321] Caesar Decryption
[2026-01-30 23:43:01.244099] Cleared all fields
[2026-01-30 23:45:37.282907] AES Encryption
[2026-01-30 23:45:46.242599] AES Encryption
[2026-01-30 23:45:56.780712] AES Encryption
[2026-01-30 23:46:09.110268] AES Decryption
[2026-01-30 23:46:10.107011] AES Decryption
[2026-01-30 23:46:12.095606] AES Decryption
[2026-01-30 23:48:11.404964] AES Encryption
[2026-01-30 23:48:19.106784] AES Encryption
[2026-01-30 23:49:54.020944] AES Encryption
[2026-01-30 23:50:08.693023] AES Decryption
[2026-01-30 23:50:10.729958] AES Decryption
[2026-01-31 08:36:06.972923] AES Encryption
[2026-01-31 08:36:15.377129] Cleared all fields
[2026-01-31 08:36:25.535417] AES Encryption
[2026-01-31 08:36:47.036250] AES Decryption
[2026-01-31 08:37:12.576937] Caesar Brute Force
[2026-01-31 08:37:25.893811] Cleared all fields
[2026-01-31 08:37:33.042176] AES Encryption
[2026-01-31 08:37:35.754906] Caesar Encryption
[2026-01-31 08:37:42.416323] Caesar Brute Force
[2026-01-31 08:38:08.101776] Cleared all fields
